\BOOKMARK [0][-]{chapter.1}{\376\377\142\311\154\017\123\330\143\142\151\202\137\365\116\345\123\312\140\047\215\050}{}% 1
\BOOKMARK [1][-]{section.1.1}{\376\377\142\311\137\017\123\330\143\142\151\202\137\365}{chapter.1}% 2
\BOOKMARK [1][-]{section.1.2}{\376\377\142\311\154\017\123\330\143\142\166\204\140\047\215\050}{chapter.1}% 3
\BOOKMARK [2][-]{subsection.1.2.1}{\376\377\123\237\121\375\145\160\166\204\137\256\122\006\140\047\215\050}{section.1.2}% 4
\BOOKMARK [2][-]{subsection.1.2.2}{\376\377\120\317\121\375\145\160\166\204\137\256\122\006\140\047\215\050}{section.1.2}% 5
\BOOKMARK [2][-]{subsection.1.2.3}{\376\377\123\237\121\375\145\160\166\204\171\357\122\006\140\047\215\050}{section.1.2}% 6
\BOOKMARK [2][-]{subsection.1.2.4}{\376\377\117\115\171\373\140\047\215\050}{section.1.2}% 7
\BOOKMARK [0][-]{chapter.2}{\376\377\136\070\211\301\121\375\145\160\166\204\142\311\154\017\123\330\143\142}{}% 8
\BOOKMARK [1][-]{section.2.1}{\376\377\133\371\000x\000n\166\204\142\311\154\017\123\330\143\142}{chapter.2}% 9
\BOOKMARK [1][-]{section.2.2}{\376\377\133\371\000s\000i\000n\060\001\000c\000o\000s\116\011\211\322\121\375\145\160\166\204\142\311\154\017\123\330\143\142}{chapter.2}% 10
\BOOKMARK [1][-]{section.2.3}{\376\377\117\177\165\050\142\311\154\017\123\330\143\142\211\343\137\256\122\006\145\271\172\013\000\050\124\214\171\357\122\006\145\271\172\013\000\051\166\204\153\145\232\244}{chapter.2}% 11
\BOOKMARK [0][-]{chapter.3}{\376\377\147\011\164\006\122\006\137\017\142\306\122\006}{}% 12
\BOOKMARK [1][-]{section.3.1}{\376\377\165\131\145\160\154\325}{chapter.3}% 13
\BOOKMARK [1][-]{section.3.2}{\376\377\121\163\116\216\147\011\164\006\122\006\137\017\142\306\122\006\116\055\000-\147\201\226\120\154\325\166\204\116\313\176\315}{chapter.3}% 14
\BOOKMARK [1][-]{section.3.3}{\376\377\147\201\226\120\154\325\000\050\142\223\131\047\131\064\000\051\000+\215\113\120\074\154\325}{chapter.3}% 15
\BOOKMARK [2][-]{subsection.3.3.1}{\376\377\142\306\122\006\123\237\122\031}{section.3.3}% 16
\BOOKMARK [1][-]{section.3.4}{\376\377\124\004\171\315\142\306\122\006\174\173\127\213\000-\117\213\230\230\213\262\211\343}{chapter.3}% 17
\BOOKMARK [2][-]{subsection.3.4.1}{\376\377\202\345\000P\000,\000Q\116\072\116\000\153\041\137\017\000a\000x\000+\000b\116\024\000f\000P\000Q}{section.3.4}% 18
\BOOKMARK [2][-]{subsection.3.4.2}{\376\377\202\345\000P\000,\000Q\116\072\116\000\153\041\137\017\000a\000x\000+\000b\116\024\000f\000P\000Q\0002}{section.3.4}% 19
\BOOKMARK [2][-]{subsection.3.4.3}{\376\377\202\345\000P\116\072\116\000\153\041\137\017\060\001\000Q\116\072\116\214\153\041\137\017\000\050\000<\0000\000\051\116\024\000f\000P\000Q}{section.3.4}% 20
\BOOKMARK [2][-]{subsection.3.4.4}{\376\377\202\345\000P\116\072\116\000\153\041\137\017\060\001\000Q\116\072\116\214\153\041\137\017\000\050\000<\0000\000\051\116\024\000f\000P\0002\000Q}{section.3.4}% 21
\BOOKMARK [0][-]{chapter.4}{\376\377\142\311\137\017\123\330\143\142\211\343\137\256\122\006\145\271\172\013}{}% 22
\BOOKMARK [1][-]{section.4.1}{\376\377\117\213\230\230\213\262\211\343}{chapter.4}% 23
\BOOKMARK [1][-]{section.4.2}{\376\377\117\115\171\373\133\232\164\006\000\050\117\115\171\373\140\047\215\050\000\051}{chapter.4}% 24
\BOOKMARK [0][-]{chapter.5}{\376\377\142\311\154\017\123\330\143\142\211\343\171\357\122\006\145\271\172\013}{}% 25
\BOOKMARK [1][-]{section.5.1}{\376\377\123\167\171\357\151\202\137\365}{chapter.5}% 26
\BOOKMARK [1][-]{section.5.2}{\376\377\123\167\171\357\133\232\164\006\124\214\117\213\230\230}{chapter.5}% 27
\BOOKMARK [0][-]{chapter.6}{\376\377\133\371\124\150\147\037\121\375\145\160\166\204\142\311\154\017\123\330\143\142}{}% 28
\BOOKMARK [0][-]{chapter*.15}{\376\377\124\016\213\260}{}% 29
